src/controllers/auth.controller.ts(29,32): error TS2345: Argument of type 'bigint' is not assignable to parameter of type 'string'.
src/controllers/chat.controller.ts(5,11): error TS2430: Interface 'AuthRequest' incorrectly extends interface 'Request<ParamsDictionary, any, any, ParsedQs, Record<string, any>>'.
  Types of property 'user' are incompatible.
    Type '{ userId: string | number | bigint; } | undefined' is not assignable to type '{ userId: bigint; } | undefined'.
      Type '{ userId: string | number | bigint; }' is not assignable to type '{ userId: bigint; }'.
        Types of property 'userId' are incompatible.
          Type 'string | number | bigint' is not assignable to type 'bigint'.
            Type 'string' is not assignable to type 'bigint'.
src/middlewares/auth.ts(23,13): error TS2322: Type 'string' is not assignable to type 'bigint'.
src/routes/auth.routes.ts(33,16): error TS2769: No overload matches this call.
  Overload 1 of 5, '(payload: string | object | Buffer<ArrayBufferLike>, secretOrPrivateKey: null, options?: (SignOptions & { algorithm: "none"; }) | undefined): string', gave the following error.
    Argument of type 'string' is not assignable to parameter of type 'null'.
  Overload 2 of 5, '(payload: string | object | Buffer<ArrayBufferLike>, secretOrPrivateKey: Secret | Buffer<ArrayBufferLike> | JsonWebKeyInput | PrivateKeyInput, options?: SignOptions | undefined): string', gave the following error.
    Type 'string' is not assignable to type 'number | StringValue | undefined'.
  Overload 3 of 5, '(payload: string | object | Buffer<ArrayBufferLike>, secretOrPrivateKey: Secret | Buffer<ArrayBufferLike> | JsonWebKeyInput | PrivateKeyInput, callback: SignCallback): void', gave the following error.
    Object literal may only specify known properties, and 'expiresIn' does not exist in type 'SignCallback'.
src/services/auth.service.ts(21,23): error TS2769: No overload matches this call.
  Overload 1 of 5, '(payload: string | object | Buffer<ArrayBufferLike>, secretOrPrivateKey: null, options?: (SignOptions & { algorithm: "none"; }) | undefined): string', gave the following error.
    Argument of type 'string' is not assignable to parameter of type 'null'.
  Overload 2 of 5, '(payload: string | object | Buffer<ArrayBufferLike>, secretOrPrivateKey: Secret | Buffer<ArrayBufferLike> | JsonWebKeyInput | PrivateKeyInput, options?: SignOptions | undefined): string', gave the following error.
    Type 'string' is not assignable to type 'number | StringValue | undefined'.
  Overload 3 of 5, '(payload: string | object | Buffer<ArrayBufferLike>, secretOrPrivateKey: Secret | Buffer<ArrayBufferLike> | JsonWebKeyInput | PrivateKeyInput, callback: SignCallback): void', gave the following error.
    Object literal may only specify known properties, and 'expiresIn' does not exist in type 'SignCallback'.
src/verify-auth.ts(73,14): error TS18046: 'json' is of type 'unknown'.
src/verify-auth.ts(73,26): error TS18046: 'json' is of type 'unknown'.
src/verify-auth.ts(96,14): error TS18046: 'meJson' is of type 'unknown'.
src/verify-auth.ts(96,27): error TS18046: 'meJson' is of type 'unknown'.
