src/controllers/auth.controller.ts(29,32): error TS2345: Argument of type 'bigint' is not assignable to parameter of type 'string'.
src/middlewares/auth.ts(23,13): error TS2322: Type 'string' is not assignable to type 'bigint'.
src/routes/auth.routes.ts(33,16): error TS2769: No overload matches this call.
  Overload 1 of 5, '(payload: string | object | Buffer<ArrayBufferLike>, secretOrPrivateKey: null, options?: (SignOptions & { algorithm: "none"; }) | undefined): string', gave the following error.
    Argument of type 'string' is not assignable to parameter of type 'null'.
  Overload 2 of 5, '(payload: string | object | Buffer<ArrayBufferLike>, secretOrPrivateKey: Secret | Buffer<ArrayBufferLike> | JsonWebKeyInput | PrivateKeyInput, options?: SignOptions | undefined): string', gave the following error.
    Type 'string' is not assignable to type 'number | StringValue | undefined'.
  Overload 3 of 5, '(payload: string | object | Buffer<ArrayBufferLike>, secretOrPrivateKey: Secret | Buffer<ArrayBufferLike> | JsonWebKeyInput | PrivateKeyInput, callback: SignCallback): void', gave the following error.
    Object literal may only specify known properties, and 'expiresIn' does not exist in type 'SignCallback'.
src/services/auth.service.ts(21,23): error TS2769: No overload matches this call.
  Overload 1 of 5, '(payload: string | object | Buffer<ArrayBufferLike>, secretOrPrivateKey: null, options?: (SignOptions & { algorithm: "none"; }) | undefined): string', gave the following error.
    Argument of type 'string' is not assignable to parameter of type 'null'.
  Overload 2 of 5, '(payload: string | object | Buffer<ArrayBufferLike>, secretOrPrivateKey: Secret | Buffer<ArrayBufferLike> | JsonWebKeyInput | PrivateKeyInput, options?: SignOptions | undefined): string', gave the following error.
    Type 'string' is not assignable to type 'number | StringValue | undefined'.
  Overload 3 of 5, '(payload: string | object | Buffer<ArrayBufferLike>, secretOrPrivateKey: Secret | Buffer<ArrayBufferLike> | JsonWebKeyInput | PrivateKeyInput, callback: SignCallback): void', gave the following error.
    Object literal may only specify known properties, and 'expiresIn' does not exist in type 'SignCallback'.
src/services/chat.service.ts(282,10): error TS18046: 'room' is of type 'unknown'.
src/services/chat.service.ts(285,10): error TS18046: 'member' is of type 'unknown'.
src/services/chat.service.ts(293,10): error TS18046: 'room' is of type 'unknown'.
src/services/chat.service.ts(312,19): error TS18046: 'rows' is of type 'unknown'.
src/services/chat.service.ts(334,34): error TS18046: 'countRows' is of type 'unknown'.
src/services/chat.service.ts(349,10): error TS18046: 'member' is of type 'unknown'.
src/services/chat.service.ts(352,10): error TS18046: 'me' is of type 'unknown'.
src/services/chat.service.ts(360,9): error TS18046: 'other' is of type 'unknown'.
src/services/chat.service.ts(360,29): error TS18046: 'other' is of type 'unknown'.
src/services/chat.service.ts(360,54): error TS18046: 'me' is of type 'unknown'.
src/services/chat.service.ts(365,9): error TS18046: 'members' is of type 'unknown'.
src/services/chat.service.ts(366,36): error TS18046: 'members' is of type 'unknown'.
src/services/chat.service.ts(366,77): error TS18046: 'members' is of type 'unknown'.
src/services/chat.service.ts(366,98): error TS18046: 'members' is of type 'unknown'.
src/services/chat.service.ts(368,13): error TS18046: 'blocked' is of type 'unknown'.
src/services/chat.service.ts(372,9): error TS18046: 'ban' is of type 'unknown'.
src/services/chat.service.ts(373,13): error TS18046: 'ban' is of type 'unknown'.
src/services/chat.service.ts(374,13): error TS18046: 'ban' is of type 'unknown'.
src/services/chat.service.ts(374,42): error TS18046: 'ban' is of type 'unknown'.
src/services/chat.service.ts(374,115): error TS18046: 'ban' is of type 'unknown'.
src/services/chat.service.ts(379,31): error TS7006: Parameter 't' implicitly has an 'any' type.
src/services/chat.service.ts(379,34): error TS7006: Parameter 'i' implicitly has an 'any' type.
src/services/chat.service.ts(396,9): error TS18046: 'dup' is of type 'unknown'.
src/services/chat.service.ts(399,10): error TS18046: 'msgRows' is of type 'unknown'.
src/services/chat.service.ts(400,16): error TS18046: 'msgRows' is of type 'unknown'.
src/services/chat.service.ts(407,29): error TS18046: 'reportResult' is of type 'unknown'.
src/services/chat.service.ts(410,22): error TS18046: 'roomRows' is of type 'unknown'.
src/services/chat.service.ts(410,40): error TS18046: 'roomRows' is of type 'unknown'.
src/services/chat.service.ts(413,25): error TS18046: 'admins' is of type 'unknown'.
src/verify-auth.ts(73,14): error TS18046: 'json' is of type 'unknown'.
src/verify-auth.ts(73,26): error TS18046: 'json' is of type 'unknown'.
src/verify-auth.ts(96,14): error TS18046: 'meJson' is of type 'unknown'.
src/verify-auth.ts(96,27): error TS18046: 'meJson' is of type 'unknown'.
